admin/pages/news-ticker/NewsTickerList.tsx(39,43): error TS2345: Argument of type '{ is_active: boolean; }' is not assignable to parameter of type 'NewsTickerPayload'.
  Property 'text' is missing in type '{ is_active: boolean; }' but required in type 'NewsTickerPayload'.
